me\ticster\cli\Arguments\IAppCommand.class
me\ticster\core\Data\Operator$3.class
me\ticster\gui\CalculatorFxMain.class
me\ticster\gui\CalculatorAppGUIController$1.class
me\ticster\cli\CalculatorAppCLI$1.class
me\ticster\core\Data\CommandResult$Status.class
me\ticster\core\Data\Result.class
me\ticster\cli\Arguments\IArgsParser.class
me\ticster\gui\Builder\AppBuilderGUI.class
me\ticster\cli\CalculatorAppCLI.class
me\ticster\cli\Builder\IAppBuilderCLI.class
me\ticster\cli\Arguments\ArgsParser.class
me\ticster\core\Data\Operator$1.class
me\ticster\cli\Builder\AppBuilderCLI.class
me\ticster\cli\ICalculatorAppCLI.class
me\ticster\core\Tokenizer\ITokenizeExpression.class
me\ticster\gui\MainGUI.class
me\ticster\core\Parser\IParseToken.class
me\ticster\cli\Arguments\ArgsEnum.class
me\ticster\cli\Render\RenderCmd.class
me\ticster\gui\Handler\InputHandler.class
me\ticster\core\Factory\CommandFactory.class
me\ticster\cli\Arguments\ArgsParser$1.class
me\ticster\core\Data\Regex.class
me\ticster\core\Data\Operator$4.class
me\ticster\gui\Builder\IAppBuilderGUI.class
me\ticster\gui\Render\RenderGui.class
me\ticster\core\Render\IRenderer.class
me\ticster\gui\CalculatorAppGUI.class
me\ticster\cli\MainCLI.class
me\ticster\core\Factory\ICommandFactory.class
me\ticster\gui\CalculatorAppGUIController.class
me\ticster\core\Data\CommandResult.class
me\ticster\core\Data\Operator.class
me\ticster\core\Data\UiStrings.class
me\ticster\core\Tokenizer\TokenizeExpression.class
me\ticster\core\Validation\ExpressionValidation.class
me\ticster\gui\GuiFactory.class
me\ticster\core\Data\Operator$2.class
me\ticster\gui\ICalculatorAppGUI.class
me\ticster\core\Data\Parenthesis.class
me\ticster\core\Parser\ParseToken.class
